[medicora.keydesign.xyz/medical-clinic/index.html]
[backblue.gif]
[fade.gif]
[index.html]
[medicora.keydesign.xyz/medical-clinic/index.html]
[medicora.keydesign.xyz/medical-clinic/wp-content/uploads/sites/4/siteground-optimizer-assets/siteground-optimizer-combined-css-c2603ae2babd6af6d5002564f300e297.css]
[medicora.keydesign.xyz/medical-clinic/wp-content/plugins/elementor/assets/lib/eicons/fonts/eicons4518.eot]
[medicora.keydesign.xyz/medical-clinic/wp-content/uploads/sites/4/2025/05/medicora-clinic-parallax.jpg]
[medicora.keydesign.xyz/medical-clinic/wp-content/uploads/sites/4/2025/05/medicora-clinic-img-contact-img.jpg]
[medicora.keydesign.xyz/medical-clinic/wp-content/themes/medicora/assets/svg/arrow-breadcrumbs.svg]
[medicora.keydesign.xyz/medical-clinic/wp-content/plugins/elementskit-lite/widgets/init/assets/img/arrow.png]
[medicora.keydesign.xyz/medical-clinic/wp-content/plugins/keydesign-framework/assets/svg/arrow-breadcrumbs.svg]
[medicora.keydesign.xyz/medical-clinic/wp-content/uploads/sites/4/elementor/google-fonts/fonts/inter-ucc53fwrk3iltcvneqg7ca725jhhknnqk6l0uumjng.woff2]
[medicora.keydesign.xyz/medical-clinic/wp-content/uploads/sites/4/elementor/google-fonts/fonts/intertight-ngsyv5hmafg6iuglbnmjxlscwadkrfe9.woff2]
[medicora.keydesign.xyz/medical-clinic/wp-content/plugins/elementskit-lite/modules/elementskit-icon-pack/assets/fonts/elementskit97ac.woff]
[medicora.keydesign.xyz/medical-clinic/wp-content/plugins/elementor/assets/lib/font-awesome/webfonts/fa-brands-400.eot]
[medicora.keydesign.xyz/medical-clinic/wp-content/plugins/elementor/assets/lib/font-awesome/webfonts/fa-solid-900.eot]
[medicora.keydesign.xyz/medical-clinic/wp-content/plugins/elementor/assets/lib/font-awesome/webfonts/fa-regular-400.eot]
[medicora.keydesign.xyz/medical-clinic/wp-content/uploads/sites/4/2025/02/medicora-clinic-img-1.jpg]
[medicora.keydesign.xyz/medical-clinic/wp-content/uploads/sites/4/2025/03/medicora-clinic-img-2.jpg]
[medicora.keydesign.xyz/medical-clinic/wp-content/uploads/sites/4/siteground-optimizer-assets/siteground-optimizer-combined-css-c2603ae2babd6af6d5002564f300e297.css]
[medicora.keydesign.xyz/medical-clinic/wp-content/themes/medicora/assets/svg/arrow-breadcrumbs.svg]
[medicora.keydesign.xyz/medical-clinic/wp-content/plugins/keydesign-framework/assets/svg/arrow-breadcrumbs.svg]
